Routesit AI Comprehensive Test Report\n==================================================\n\nTest Summary:\n- Total Tests: 11\n- Passed: 4\n- Failed: 7\n- Success Rate: 36.4%\n\nIndividual Test Results:\n------------------------------\nData Availability: PASS\nIntervention Database: PASS\nAccident Database: PASS\nLLM Training Data: FAIL\nMultimodal Training Data: FAIL\nModel Files: FAIL\nIntegrated Reasoning: FAIL\nPareto Optimization: FAIL\nMultilingual Support: FAIL\nContinuous Learning: FAIL\nEnd-to-End Pipeline: PASS\n\nOverall Status: FAIL